[DEBUG] Application started - logging to debug_output.log
[DEBUG] Poppins font loaded successfully: "Poppins Light"
[DEBUG] Global stylesheet loaded successfully
[DEBUG] === Configuring Database Connection ===
[DEBUG] [Connection] Constructor called
[DEBUG] [Connection] Singleton instance created
[DEBUG] ========================================
[DEBUG] [Connection] CREATE CONNECTION STARTED
[DEBUG] ========================================
[DEBUG] [Connection] Configuration:
[DEBUG] [Connection]   Driver:  "QODBC"
[DEBUG] [Connection]   DSN:     "InspiraStudio"
[DEBUG] [Connection]   User:    "adminInspiraStudio"
[DEBUG] [Connection] Available SQL drivers: QList("QSQLITE", "QMIMER", "QODBC", "QPSQL")
[DEBUG] [Connection] ✓ QODBC driver is available
[DEBUG] [Connection] Removing existing default connection
[DEBUG] [Connection] ✓ Database driver added successfully
[DEBUG] [Connection] Connection parameters set
[DEBUG] [Connection] Attempting to open database connection...
[DEBUG] ========================================
[DEBUG] [Connection] ✓✓✓ CONNECTION SUCCESSFUL! ✓✓✓
[DEBUG] ========================================
[DEBUG] [Connection] Database is OPEN and READY
[DEBUG] [Connection] Driver name:       "QODBC"
[DEBUG] [Connection] Database name:     "InspiraStudio"
[DEBUG] [Connection] Connection valid:  true
[DEBUG] [Connection] Connection open:   true
[DEBUG] ========================================
[DEBUG] SUCCESS: Database connection established!
[DEBUG] ===================================
[DEBUG] 
[MainWindow::loadEmployers] ========== LOADING EMPLOYERS ==========
[DEBUG] [MainWindow::loadEmployers] Calling Employer::selectAll()...
[DEBUG] [MainWindow::loadEmployers] Retrieved 21 employers from database
[DEBUG] [MainWindow::loadEmployers] Employers loaded successfully:
[DEBUG]   [ 0 ] ID: 1 Name: "Amine" "Helali" Email: "amine.helali@inspirastudio.com"
[DEBUG]   [ 1 ] ID: 2 Name: "bbbbbbNour" "Trabelsi" Email: "nour.trabelsi@inspirastudio.com"
[DEBUG]   [ 2 ] ID: 3 Name: "Sami" "Ben Amor" Email: "sami.benamor@inspirastudio.com"
[DEBUG]   [ 3 ] ID: 4 Name: "Raniajjjjjjjjjjjj" "Kacem" Email: "rania.kacem@inspirastudio.com"
[DEBUG]   [ 4 ] ID: 5 Name: "Yassine" "Gharbi" Email: "yassine.gharbi@inspirastudio.com"
[DEBUG]   [ 5 ] ID: 6 Name: "Sara" "Bennani" Email: "sara.bennani@inspirastudio.com"
[DEBUG]   [ 6 ] ID: 7 Name: "Omar" "Zouari" Email: "omar.zouari@inspirastudio.com"
[DEBUG]   [ 7 ] ID: 8 Name: "Meriem" "Saidi" Email: "meriemfgdhdfhdfhd.saidi@inspirastudio.com"
[DEBUG]   [ 8 ] ID: 9 Name: "Khalil" "Ayari" Email: "khalil.ayari@inspirastudio.com"
[DEBUG]   [ 9 ] ID: 10 Name: "vjhvjhvh" "vhjvhvhv" Email: "hvhlyv@bgb.brtbrt"
[DEBUG]   [ 10 ] ID: 11 Name: "yhjbghgvjhg" "jhghjghj" Email: "ghjgjhg@jhfg.hj"
[DEBUG]   [ 11 ] ID: 12 Name: "Leila" "Jlassi" Email: "leila.jlassi@inspirastudio.com"
[DEBUG]   [ 12 ] ID: 13 Name: "Ahmed" "Bouazizi" Email: "ahmed.bouazizi@inspirastudio.com"
[DEBUG]   [ 13 ] ID: 14 Name: "Sahar" "Masmoudi" Email: "sahar.masmoudi@inspirastudio.com"
[DEBUG]   [ 14 ] ID: 15 Name: "Firas" "Belhaj" Email: "firas.belhaj@inspirastudio.com"
[DEBUG]   [ 15 ] ID: 16 Name: "Dorsaf" "Heni" Email: "dorsaf.heni@inspirastudio.com"
[DEBUG]   [ 16 ] ID: 17 Name: "Karim" "Dridi" Email: "karim.dridi@inspirastudio.com"
[DEBUG]   [ 17 ] ID: 18 Name: "Nada" "Jebali" Email: "nada.jebali@inspirastudio.com"
[DEBUG]   [ 18 ] ID: 19 Name: "Hatemhhhhhhhhhhhhhhhhhhh" "Louati" Email: "hatem.louati@inspirastudio.com"
[DEBUG]   [ 19 ] ID: 20 Name: "bjhbgh" "ghghgh" Email: "ghghg@ce.vev"
[DEBUG]   [ 20 ] ID: 21 Name: "gygtuygt" "ygygyg" Email: "ygygy@hb.hu"
[DEBUG] [MainWindow::loadEmployers] Populating table...
[DEBUG] [EmployerUIHelper::populateTable] CALLED with 21 records
[DEBUG] [EmployerUIHelper::populateTable] Row 0 - ID: 1 Name: "Amine" "Helali"
[DEBUG] [EmployerUIHelper::populateTable] Storing ID in UserRole: 1
[DEBUG] [EmployerUIHelper::populateTable] Row 1 - ID: 2 Name: "bbbbbbNour" "Trabelsi"
[DEBUG] [EmployerUIHelper::populateTable] Storing ID in UserRole: 2
[DEBUG] [EmployerUIHelper::populateTable] Row 2 - ID: 3 Name: "Sami" "Ben Amor"
[DEBUG] [EmployerUIHelper::populateTable] Storing ID in UserRole: 3
[DEBUG] [EmployerUIHelper::populateTable] Row 3 - ID: 4 Name: "Raniajjjjjjjjjjjj" "Kacem"
[DEBUG] [EmployerUIHelper::populateTable] Storing ID in UserRole: 4
[DEBUG] [EmployerUIHelper::populateTable] Row 4 - ID: 5 Name: "Yassine" "Gharbi"
[DEBUG] [EmployerUIHelper::populateTable] Storing ID in UserRole: 5
[DEBUG] [EmployerUIHelper::populateTable] Row 5 - ID: 6 Name: "Sara" "Bennani"
[DEBUG] [EmployerUIHelper::populateTable] Storing ID in UserRole: 6
[DEBUG] [EmployerUIHelper::populateTable] Row 6 - ID: 7 Name: "Omar" "Zouari"
[DEBUG] [EmployerUIHelper::populateTable] Storing ID in UserRole: 7
[DEBUG] [EmployerUIHelper::populateTable] Row 7 - ID: 8 Name: "Meriem" "Saidi"
[DEBUG] [EmployerUIHelper::populateTable] Storing ID in UserRole: 8
[DEBUG] [EmployerUIHelper::populateTable] Row 8 - ID: 9 Name: "Khalil" "Ayari"
[DEBUG] [EmployerUIHelper::populateTable] Storing ID in UserRole: 9
[DEBUG] [EmployerUIHelper::populateTable] Row 9 - ID: 10 Name: "vjhvjhvh" "vhjvhvhv"
[DEBUG] [EmployerUIHelper::populateTable] Storing ID in UserRole: 10
[DEBUG] [EmployerUIHelper::populateTable] Row 10 - ID: 11 Name: "yhjbghgvjhg" "jhghjghj"
[DEBUG] [EmployerUIHelper::populateTable] Storing ID in UserRole: 11
[DEBUG] [EmployerUIHelper::populateTable] Row 11 - ID: 12 Name: "Leila" "Jlassi"
[DEBUG] [EmployerUIHelper::populateTable] Storing ID in UserRole: 12
[DEBUG] [EmployerUIHelper::populateTable] Row 12 - ID: 13 Name: "Ahmed" "Bouazizi"
[DEBUG] [EmployerUIHelper::populateTable] Storing ID in UserRole: 13
[DEBUG] [EmployerUIHelper::populateTable] Row 13 - ID: 14 Name: "Sahar" "Masmoudi"
[DEBUG] [EmployerUIHelper::populateTable] Storing ID in UserRole: 14
[DEBUG] [EmployerUIHelper::populateTable] Row 14 - ID: 15 Name: "Firas" "Belhaj"
[DEBUG] [EmployerUIHelper::populateTable] Storing ID in UserRole: 15
[DEBUG] [EmployerUIHelper::populateTable] Row 15 - ID: 16 Name: "Dorsaf" "Heni"
[DEBUG] [EmployerUIHelper::populateTable] Storing ID in UserRole: 16
[DEBUG] [EmployerUIHelper::populateTable] Row 16 - ID: 17 Name: "Karim" "Dridi"
[DEBUG] [EmployerUIHelper::populateTable] Storing ID in UserRole: 17
[DEBUG] [EmployerUIHelper::populateTable] Row 17 - ID: 18 Name: "Nada" "Jebali"
[DEBUG] [EmployerUIHelper::populateTable] Storing ID in UserRole: 18
[DEBUG] [EmployerUIHelper::populateTable] Row 18 - ID: 19 Name: "Hatemhhhhhhhhhhhhhhhhhhh" "Louati"
[DEBUG] [EmployerUIHelper::populateTable] Storing ID in UserRole: 19
[DEBUG] [EmployerUIHelper::populateTable] Row 19 - ID: 20 Name: "bjhbgh" "ghghgh"
[DEBUG] [EmployerUIHelper::populateTable] Storing ID in UserRole: 20
[DEBUG] [EmployerUIHelper::populateTable] Row 20 - ID: 21 Name: "gygtuygt" "ygygyg"
[DEBUG] [EmployerUIHelper::populateTable] Storing ID in UserRole: 21
[DEBUG] [EmployerUIHelper::populateTable] Table populated successfully
[DEBUG] [MainWindow::loadEmployers] Updating button states...
[DEBUG] [EmployerUIHelper::getSelectedEmployerId] CALLED
[DEBUG] [EmployerUIHelper::getSelectedEmployerId] Table has 21 rows
[DEBUG] [EmployerUIHelper::getSelectedEmployerId] currentRow(): -1
[DEBUG] [EmployerUIHelper::getSelectedEmployerId] No currentRow, searching for selected symbol...
[DEBUG] [EmployerUIHelper::getSelectedEmployerId] ERROR: No row selected!
[DEBUG] [MainWindow::loadEmployers] ========== LOAD COMPLETE ==========

[DEBUG] [EmployerUIHelper::getSelectedEmployerId] CALLED
[DEBUG] [EmployerUIHelper::getSelectedEmployerId] Table has 21 rows
[DEBUG] [EmployerUIHelper::getSelectedEmployerId] currentRow(): 20
[DEBUG] [EmployerUIHelper::getSelectedEmployerId] Selected row: 20
[DEBUG] [EmployerUIHelper::getSelectedEmployerId] UserRole data type: qlonglong
[DEBUG] [EmployerUIHelper::getSelectedEmployerId] UserRole data value: QVariant(qlonglong, 21)
[DEBUG] [EmployerUIHelper::getSelectedEmployerId] Extracted ID: 21
[DEBUG] [EmployerUIHelper::getSelectedEmployerId] Returning ID: 21 valid: true
[DEBUG] [EmployerUIHelper::getSelectedEmployerId] CALLED
[DEBUG] [EmployerUIHelper::getSelectedEmployerId] Table has 21 rows
[DEBUG] [EmployerUIHelper::getSelectedEmployerId] currentRow(): 20
[DEBUG] [EmployerUIHelper::getSelectedEmployerId] Selected row: 20
[DEBUG] [EmployerUIHelper::getSelectedEmployerId] UserRole data type: qlonglong
[DEBUG] [EmployerUIHelper::getSelectedEmployerId] UserRole data value: QVariant(qlonglong, 21)
[DEBUG] [EmployerUIHelper::getSelectedEmployerId] Extracted ID: 21
[DEBUG] [EmployerUIHelper::getSelectedEmployerId] Returning ID: 21 valid: true
[DEBUG] [EmployerUIHelper::getSelectedEmployerId] CALLED
[DEBUG] [EmployerUIHelper::getSelectedEmployerId] Table has 21 rows
[DEBUG] [EmployerUIHelper::getSelectedEmployerId] currentRow(): 20
[DEBUG] [EmployerUIHelper::getSelectedEmployerId] Selected row: 20
[DEBUG] [EmployerUIHelper::getSelectedEmployerId] UserRole data type: qlonglong
[DEBUG] [EmployerUIHelper::getSelectedEmployerId] UserRole data value: QVariant(qlonglong, 21)
[DEBUG] [EmployerUIHelper::getSelectedEmployerId] Extracted ID: 21
[DEBUG] [EmployerUIHelper::getSelectedEmployerId] Returning ID: 21 valid: true
[DEBUG] 
========== ADD EMPLOYER CLICKED ==========
[DEBUG] [MainWindow::onAddEmployerClicked] Opening form in Create mode...
[DEBUG] [MainWindow::onAddEmployerClicked] Form accepted, getting data...
[DEBUG] [MainWindow::onAddEmployerClicked] New employer data:
[DEBUG]   Name: "GHG" "HGHGH"
[DEBUG]   Email: "JHGHGH@HJG.JUKIJH"
[DEBUG]   Phone: "455454"
[DEBUG]   Role: "Project Lead"
[DEBUG]   Hire Date: QDate("2025-11-01")
[DEBUG] [MainWindow::onAddEmployerClicked] Calling Employer::insert()...
[DEBUG] [MainWindow::onAddEmployerClicked] Insert SUCCESS! Reloading employers...
[DEBUG] 
[MainWindow::loadEmployers] ========== LOADING EMPLOYERS ==========
[DEBUG] [MainWindow::loadEmployers] Calling Employer::selectAll()...
[DEBUG] [MainWindow::loadEmployers] Retrieved 22 employers from database
[DEBUG] [MainWindow::loadEmployers] Employers loaded successfully:
[DEBUG]   [ 0 ] ID: 1 Name: "Amine" "Helali" Email: "amine.helali@inspirastudio.com"
[DEBUG]   [ 1 ] ID: 2 Name: "bbbbbbNour" "Trabelsi" Email: "nour.trabelsi@inspirastudio.com"
[DEBUG]   [ 2 ] ID: 3 Name: "Sami" "Ben Amor" Email: "sami.benamor@inspirastudio.com"
[DEBUG]   [ 3 ] ID: 4 Name: "Raniajjjjjjjjjjjj" "Kacem" Email: "rania.kacem@inspirastudio.com"
[DEBUG]   [ 4 ] ID: 5 Name: "Yassine" "Gharbi" Email: "yassine.gharbi@inspirastudio.com"
[DEBUG]   [ 5 ] ID: 6 Name: "Sara" "Bennani" Email: "sara.bennani@inspirastudio.com"
[DEBUG]   [ 6 ] ID: 7 Name: "Omar" "Zouari" Email: "omar.zouari@inspirastudio.com"
[DEBUG]   [ 7 ] ID: 8 Name: "Meriem" "Saidi" Email: "meriemfgdhdfhdfhd.saidi@inspirastudio.com"
[DEBUG]   [ 8 ] ID: 9 Name: "Khalil" "Ayari" Email: "khalil.ayari@inspirastudio.com"
[DEBUG]   [ 9 ] ID: 10 Name: "vjhvjhvh" "vhjvhvhv" Email: "hvhlyv@bgb.brtbrt"
[DEBUG]   [ 10 ] ID: 11 Name: "yhjbghgvjhg" "jhghjghj" Email: "ghjgjhg@jhfg.hj"
[DEBUG]   [ 11 ] ID: 12 Name: "Leila" "Jlassi" Email: "leila.jlassi@inspirastudio.com"
[DEBUG]   [ 12 ] ID: 13 Name: "Ahmed" "Bouazizi" Email: "ahmed.bouazizi@inspirastudio.com"
[DEBUG]   [ 13 ] ID: 14 Name: "Sahar" "Masmoudi" Email: "sahar.masmoudi@inspirastudio.com"
[DEBUG]   [ 14 ] ID: 15 Name: "Firas" "Belhaj" Email: "firas.belhaj@inspirastudio.com"
[DEBUG]   [ 15 ] ID: 16 Name: "Dorsaf" "Heni" Email: "dorsaf.heni@inspirastudio.com"
[DEBUG]   [ 16 ] ID: 17 Name: "Karim" "Dridi" Email: "karim.dridi@inspirastudio.com"
[DEBUG]   [ 17 ] ID: 18 Name: "Nada" "Jebali" Email: "nada.jebali@inspirastudio.com"
[DEBUG]   [ 18 ] ID: 19 Name: "Hatemhhhhhhhhhhhhhhhhhhh" "Louati" Email: "hatem.louati@inspirastudio.com"
[DEBUG]   [ 19 ] ID: 20 Name: "bjhbgh" "ghghgh" Email: "ghghg@ce.vev"
[DEBUG]   [ 20 ] ID: 21 Name: "gygtuygt" "ygygyg" Email: "ygygy@hb.hu"
[DEBUG]   [ 21 ] ID: 22 Name: "GHG" "HGHGH" Email: "JHGHGH@HJG.JUKIJH"
[DEBUG] [MainWindow::loadEmployers] Populating table...
[DEBUG] [EmployerUIHelper::populateTable] CALLED with 22 records
[DEBUG] [EmployerUIHelper::populateTable] Row 0 - ID: 1 Name: "Amine" "Helali"
[DEBUG] [EmployerUIHelper::populateTable] Storing ID in UserRole: 1
[DEBUG] [EmployerUIHelper::populateTable] Row 1 - ID: 2 Name: "bbbbbbNour" "Trabelsi"
[DEBUG] [EmployerUIHelper::populateTable] Storing ID in UserRole: 2
[DEBUG] [EmployerUIHelper::populateTable] Row 2 - ID: 3 Name: "Sami" "Ben Amor"
[DEBUG] [EmployerUIHelper::populateTable] Storing ID in UserRole: 3
[DEBUG] [EmployerUIHelper::populateTable] Row 3 - ID: 4 Name: "Raniajjjjjjjjjjjj" "Kacem"
[DEBUG] [EmployerUIHelper::populateTable] Storing ID in UserRole: 4
[DEBUG] [EmployerUIHelper::populateTable] Row 4 - ID: 5 Name: "Yassine" "Gharbi"
[DEBUG] [EmployerUIHelper::populateTable] Storing ID in UserRole: 5
[DEBUG] [EmployerUIHelper::populateTable] Row 5 - ID: 6 Name: "Sara" "Bennani"
[DEBUG] [EmployerUIHelper::populateTable] Storing ID in UserRole: 6
[DEBUG] [EmployerUIHelper::populateTable] Row 6 - ID: 7 Name: "Omar" "Zouari"
[DEBUG] [EmployerUIHelper::populateTable] Storing ID in UserRole: 7
[DEBUG] [EmployerUIHelper::populateTable] Row 7 - ID: 8 Name: "Meriem" "Saidi"
[DEBUG] [EmployerUIHelper::populateTable] Storing ID in UserRole: 8
[DEBUG] [EmployerUIHelper::populateTable] Row 8 - ID: 9 Name: "Khalil" "Ayari"
[DEBUG] [EmployerUIHelper::populateTable] Storing ID in UserRole: 9
[DEBUG] [EmployerUIHelper::populateTable] Row 9 - ID: 10 Name: "vjhvjhvh" "vhjvhvhv"
[DEBUG] [EmployerUIHelper::populateTable] Storing ID in UserRole: 10
[DEBUG] [EmployerUIHelper::populateTable] Row 10 - ID: 11 Name: "yhjbghgvjhg" "jhghjghj"
[DEBUG] [EmployerUIHelper::populateTable] Storing ID in UserRole: 11
[DEBUG] [EmployerUIHelper::populateTable] Row 11 - ID: 12 Name: "Leila" "Jlassi"
[DEBUG] [EmployerUIHelper::populateTable] Storing ID in UserRole: 12
[DEBUG] [EmployerUIHelper::populateTable] Row 12 - ID: 13 Name: "Ahmed" "Bouazizi"
[DEBUG] [EmployerUIHelper::populateTable] Storing ID in UserRole: 13
[DEBUG] [EmployerUIHelper::populateTable] Row 13 - ID: 14 Name: "Sahar" "Masmoudi"
[DEBUG] [EmployerUIHelper::populateTable] Storing ID in UserRole: 14
[DEBUG] [EmployerUIHelper::populateTable] Row 14 - ID: 15 Name: "Firas" "Belhaj"
[DEBUG] [EmployerUIHelper::populateTable] Storing ID in UserRole: 15
[DEBUG] [EmployerUIHelper::populateTable] Row 15 - ID: 16 Name: "Dorsaf" "Heni"
[DEBUG] [EmployerUIHelper::populateTable] Storing ID in UserRole: 16
[DEBUG] [EmployerUIHelper::populateTable] Row 16 - ID: 17 Name: "Karim" "Dridi"
[DEBUG] [EmployerUIHelper::populateTable] Storing ID in UserRole: 17
[DEBUG] [EmployerUIHelper::populateTable] Row 17 - ID: 18 Name: "Nada" "Jebali"
[DEBUG] [EmployerUIHelper::populateTable] Storing ID in UserRole: 18
[DEBUG] [EmployerUIHelper::populateTable] Row 18 - ID: 19 Name: "Hatemhhhhhhhhhhhhhhhhhhh" "Louati"
[DEBUG] [EmployerUIHelper::populateTable] Storing ID in UserRole: 19
[DEBUG] [EmployerUIHelper::populateTable] Row 19 - ID: 20 Name: "bjhbgh" "ghghgh"
[DEBUG] [EmployerUIHelper::populateTable] Storing ID in UserRole: 20
[DEBUG] [EmployerUIHelper::populateTable] Row 20 - ID: 21 Name: "gygtuygt" "ygygyg"
[DEBUG] [EmployerUIHelper::populateTable] Storing ID in UserRole: 21
[DEBUG] [EmployerUIHelper::populateTable] Row 21 - ID: 22 Name: "GHG" "HGHGH"
[DEBUG] [EmployerUIHelper::populateTable] Storing ID in UserRole: 22
[DEBUG] [EmployerUIHelper::getSelectedEmployerId] CALLED
[DEBUG] [EmployerUIHelper::getSelectedEmployerId] Table has 22 rows
[DEBUG] [EmployerUIHelper::getSelectedEmployerId] currentRow(): 20
[DEBUG] [EmployerUIHelper::getSelectedEmployerId] Selected row: 20
[DEBUG] [EmployerUIHelper::getSelectedEmployerId] UserRole data type: qlonglong
[DEBUG] [EmployerUIHelper::getSelectedEmployerId] UserRole data value: QVariant(qlonglong, 21)
[DEBUG] [EmployerUIHelper::getSelectedEmployerId] Extracted ID: 21
[DEBUG] [EmployerUIHelper::getSelectedEmployerId] Returning ID: 21 valid: true
[DEBUG] [EmployerUIHelper::populateTable] Table populated successfully
[DEBUG] [MainWindow::loadEmployers] Updating button states...
[DEBUG] [EmployerUIHelper::getSelectedEmployerId] CALLED
[DEBUG] [EmployerUIHelper::getSelectedEmployerId] Table has 22 rows
[DEBUG] [EmployerUIHelper::getSelectedEmployerId] currentRow(): 20
[DEBUG] [EmployerUIHelper::getSelectedEmployerId] Selected row: 20
[DEBUG] [EmployerUIHelper::getSelectedEmployerId] UserRole data type: qlonglong
[DEBUG] [EmployerUIHelper::getSelectedEmployerId] UserRole data value: QVariant(qlonglong, 21)
[DEBUG] [EmployerUIHelper::getSelectedEmployerId] Extracted ID: 21
[DEBUG] [EmployerUIHelper::getSelectedEmployerId] Returning ID: 21 valid: true
[DEBUG] [MainWindow::loadEmployers] ========== LOAD COMPLETE ==========

[DEBUG] ========== ADD EMPLOYER COMPLETED ==========

[DEBUG] [EmployerUIHelper::getSelectedEmployerId] CALLED
[DEBUG] [EmployerUIHelper::getSelectedEmployerId] Table has 22 rows
[DEBUG] [EmployerUIHelper::getSelectedEmployerId] currentRow(): 21
[DEBUG] [EmployerUIHelper::getSelectedEmployerId] Selected row: 21
[DEBUG] [EmployerUIHelper::getSelectedEmployerId] UserRole data type: qlonglong
[DEBUG] [EmployerUIHelper::getSelectedEmployerId] UserRole data value: QVariant(qlonglong, 22)
[DEBUG] [EmployerUIHelper::getSelectedEmployerId] Extracted ID: 22
[DEBUG] [EmployerUIHelper::getSelectedEmployerId] Returning ID: 22 valid: true
[DEBUG] [EmployerUIHelper::getSelectedEmployerId] CALLED
[DEBUG] [EmployerUIHelper::getSelectedEmployerId] Table has 22 rows
[DEBUG] [EmployerUIHelper::getSelectedEmployerId] currentRow(): 21
[DEBUG] [EmployerUIHelper::getSelectedEmployerId] Selected row: 21
[DEBUG] [EmployerUIHelper::getSelectedEmployerId] UserRole data type: qlonglong
[DEBUG] [EmployerUIHelper::getSelectedEmployerId] UserRole data value: QVariant(qlonglong, 22)
[DEBUG] [EmployerUIHelper::getSelectedEmployerId] Extracted ID: 22
[DEBUG] [EmployerUIHelper::getSelectedEmployerId] Returning ID: 22 valid: true
[DEBUG] 
========== DELETE EMPLOYER CLICKED ==========
[DEBUG] [EmployerUIHelper::getSelectedEmployerId] CALLED
[DEBUG] [EmployerUIHelper::getSelectedEmployerId] Table has 22 rows
[DEBUG] [EmployerUIHelper::getSelectedEmployerId] currentRow(): 21
[DEBUG] [EmployerUIHelper::getSelectedEmployerId] Selected row: 21
[DEBUG] [EmployerUIHelper::getSelectedEmployerId] UserRole data type: qlonglong
[DEBUG] [EmployerUIHelper::getSelectedEmployerId] UserRole data value: QVariant(qlonglong, 22)
[DEBUG] [EmployerUIHelper::getSelectedEmployerId] Extracted ID: 22
[DEBUG] [EmployerUIHelper::getSelectedEmployerId] Returning ID: 22 valid: true
[DEBUG] [MainWindow::onDeleteEmployerClicked] getSelectedEmployerId returned: 22
[DEBUG] [MainWindow::onDeleteEmployerClicked] Selection valid (ok): true
[DEBUG] [MainWindow::onDeleteEmployerClicked] Showing confirmation dialog...
[DEBUG] [MainWindow::onDeleteEmployerClicked] User confirmed. Calling Employer::remove with ID: 22
[DEBUG] [MainWindow::onDeleteEmployerClicked] Delete SUCCESS! Reloading employers...
[DEBUG] 
[MainWindow::loadEmployers] ========== LOADING EMPLOYERS ==========
[DEBUG] [MainWindow::loadEmployers] Calling Employer::selectAll()...
[DEBUG] [MainWindow::loadEmployers] Retrieved 21 employers from database
[DEBUG] [MainWindow::loadEmployers] Employers loaded successfully:
[DEBUG]   [ 0 ] ID: 1 Name: "Amine" "Helali" Email: "amine.helali@inspirastudio.com"
[DEBUG]   [ 1 ] ID: 2 Name: "bbbbbbNour" "Trabelsi" Email: "nour.trabelsi@inspirastudio.com"
[DEBUG]   [ 2 ] ID: 3 Name: "Sami" "Ben Amor" Email: "sami.benamor@inspirastudio.com"
[DEBUG]   [ 3 ] ID: 4 Name: "Raniajjjjjjjjjjjj" "Kacem" Email: "rania.kacem@inspirastudio.com"
[DEBUG]   [ 4 ] ID: 5 Name: "Yassine" "Gharbi" Email: "yassine.gharbi@inspirastudio.com"
[DEBUG]   [ 5 ] ID: 6 Name: "Sara" "Bennani" Email: "sara.bennani@inspirastudio.com"
[DEBUG]   [ 6 ] ID: 7 Name: "Omar" "Zouari" Email: "omar.zouari@inspirastudio.com"
[DEBUG]   [ 7 ] ID: 8 Name: "Meriem" "Saidi" Email: "meriemfgdhdfhdfhd.saidi@inspirastudio.com"
[DEBUG]   [ 8 ] ID: 9 Name: "Khalil" "Ayari" Email: "khalil.ayari@inspirastudio.com"
[DEBUG]   [ 9 ] ID: 10 Name: "vjhvjhvh" "vhjvhvhv" Email: "hvhlyv@bgb.brtbrt"
[DEBUG]   [ 10 ] ID: 11 Name: "yhjbghgvjhg" "jhghjghj" Email: "ghjgjhg@jhfg.hj"
[DEBUG]   [ 11 ] ID: 12 Name: "Leila" "Jlassi" Email: "leila.jlassi@inspirastudio.com"
[DEBUG]   [ 12 ] ID: 13 Name: "Ahmed" "Bouazizi" Email: "ahmed.bouazizi@inspirastudio.com"
[DEBUG]   [ 13 ] ID: 14 Name: "Sahar" "Masmoudi" Email: "sahar.masmoudi@inspirastudio.com"
[DEBUG]   [ 14 ] ID: 15 Name: "Firas" "Belhaj" Email: "firas.belhaj@inspirastudio.com"
[DEBUG]   [ 15 ] ID: 16 Name: "Dorsaf" "Heni" Email: "dorsaf.heni@inspirastudio.com"
[DEBUG]   [ 16 ] ID: 17 Name: "Karim" "Dridi" Email: "karim.dridi@inspirastudio.com"
[DEBUG]   [ 17 ] ID: 18 Name: "Nada" "Jebali" Email: "nada.jebali@inspirastudio.com"
[DEBUG]   [ 18 ] ID: 19 Name: "Hatemhhhhhhhhhhhhhhhhhhh" "Louati" Email: "hatem.louati@inspirastudio.com"
[DEBUG]   [ 19 ] ID: 20 Name: "bjhbgh" "ghghgh" Email: "ghghg@ce.vev"
[DEBUG]   [ 20 ] ID: 21 Name: "gygtuygt" "ygygyg" Email: "ygygy@hb.hu"
[DEBUG] [MainWindow::loadEmployers] Populating table...
[DEBUG] [EmployerUIHelper::populateTable] CALLED with 21 records
[DEBUG] [EmployerUIHelper::getSelectedEmployerId] CALLED
[DEBUG] [EmployerUIHelper::getSelectedEmployerId] Table has 22 rows
[DEBUG] [EmployerUIHelper::getSelectedEmployerId] currentRow(): 20
[DEBUG] [EmployerUIHelper::getSelectedEmployerId] Selected row: 20
[DEBUG] [EmployerUIHelper::getSelectedEmployerId] UserRole data type: qlonglong
[DEBUG] [EmployerUIHelper::getSelectedEmployerId] UserRole data value: QVariant(qlonglong, 21)
[DEBUG] [EmployerUIHelper::getSelectedEmployerId] Extracted ID: 21
[DEBUG] [EmployerUIHelper::getSelectedEmployerId] Returning ID: 21 valid: true
[DEBUG] [EmployerUIHelper::populateTable] Row 0 - ID: 1 Name: "Amine" "Helali"
[DEBUG] [EmployerUIHelper::populateTable] Storing ID in UserRole: 1
[DEBUG] [EmployerUIHelper::populateTable] Row 1 - ID: 2 Name: "bbbbbbNour" "Trabelsi"
[DEBUG] [EmployerUIHelper::populateTable] Storing ID in UserRole: 2
[DEBUG] [EmployerUIHelper::populateTable] Row 2 - ID: 3 Name: "Sami" "Ben Amor"
[DEBUG] [EmployerUIHelper::populateTable] Storing ID in UserRole: 3
[DEBUG] [EmployerUIHelper::populateTable] Row 3 - ID: 4 Name: "Raniajjjjjjjjjjjj" "Kacem"
[DEBUG] [EmployerUIHelper::populateTable] Storing ID in UserRole: 4
[DEBUG] [EmployerUIHelper::populateTable] Row 4 - ID: 5 Name: "Yassine" "Gharbi"
[DEBUG] [EmployerUIHelper::populateTable] Storing ID in UserRole: 5
[DEBUG] [EmployerUIHelper::populateTable] Row 5 - ID: 6 Name: "Sara" "Bennani"
[DEBUG] [EmployerUIHelper::populateTable] Storing ID in UserRole: 6
[DEBUG] [EmployerUIHelper::populateTable] Row 6 - ID: 7 Name: "Omar" "Zouari"
[DEBUG] [EmployerUIHelper::populateTable] Storing ID in UserRole: 7
[DEBUG] [EmployerUIHelper::populateTable] Row 7 - ID: 8 Name: "Meriem" "Saidi"
[DEBUG] [EmployerUIHelper::populateTable] Storing ID in UserRole: 8
[DEBUG] [EmployerUIHelper::populateTable] Row 8 - ID: 9 Name: "Khalil" "Ayari"
[DEBUG] [EmployerUIHelper::populateTable] Storing ID in UserRole: 9
[DEBUG] [EmployerUIHelper::populateTable] Row 9 - ID: 10 Name: "vjhvjhvh" "vhjvhvhv"
[DEBUG] [EmployerUIHelper::populateTable] Storing ID in UserRole: 10
[DEBUG] [EmployerUIHelper::populateTable] Row 10 - ID: 11 Name: "yhjbghgvjhg" "jhghjghj"
[DEBUG] [EmployerUIHelper::populateTable] Storing ID in UserRole: 11
[DEBUG] [EmployerUIHelper::populateTable] Row 11 - ID: 12 Name: "Leila" "Jlassi"
[DEBUG] [EmployerUIHelper::populateTable] Storing ID in UserRole: 12
[DEBUG] [EmployerUIHelper::populateTable] Row 12 - ID: 13 Name: "Ahmed" "Bouazizi"
[DEBUG] [EmployerUIHelper::populateTable] Storing ID in UserRole: 13
[DEBUG] [EmployerUIHelper::populateTable] Row 13 - ID: 14 Name: "Sahar" "Masmoudi"
[DEBUG] [EmployerUIHelper::populateTable] Storing ID in UserRole: 14
[DEBUG] [EmployerUIHelper::populateTable] Row 14 - ID: 15 Name: "Firas" "Belhaj"
[DEBUG] [EmployerUIHelper::populateTable] Storing ID in UserRole: 15
[DEBUG] [EmployerUIHelper::populateTable] Row 15 - ID: 16 Name: "Dorsaf" "Heni"
[DEBUG] [EmployerUIHelper::populateTable] Storing ID in UserRole: 16
[DEBUG] [EmployerUIHelper::populateTable] Row 16 - ID: 17 Name: "Karim" "Dridi"
[DEBUG] [EmployerUIHelper::populateTable] Storing ID in UserRole: 17
[DEBUG] [EmployerUIHelper::populateTable] Row 17 - ID: 18 Name: "Nada" "Jebali"
[DEBUG] [EmployerUIHelper::populateTable] Storing ID in UserRole: 18
[DEBUG] [EmployerUIHelper::populateTable] Row 18 - ID: 19 Name: "Hatemhhhhhhhhhhhhhhhhhhh" "Louati"
[DEBUG] [EmployerUIHelper::populateTable] Storing ID in UserRole: 19
[DEBUG] [EmployerUIHelper::populateTable] Row 19 - ID: 20 Name: "bjhbgh" "ghghgh"
[DEBUG] [EmployerUIHelper::populateTable] Storing ID in UserRole: 20
[DEBUG] [EmployerUIHelper::populateTable] Row 20 - ID: 21 Name: "gygtuygt" "ygygyg"
[DEBUG] [EmployerUIHelper::populateTable] Storing ID in UserRole: 21
[DEBUG] [EmployerUIHelper::getSelectedEmployerId] CALLED
[DEBUG] [EmployerUIHelper::getSelectedEmployerId] Table has 21 rows
[DEBUG] [EmployerUIHelper::getSelectedEmployerId] currentRow(): 20
[DEBUG] [EmployerUIHelper::getSelectedEmployerId] Selected row: 20
[DEBUG] [EmployerUIHelper::getSelectedEmployerId] UserRole data type: qlonglong
[DEBUG] [EmployerUIHelper::getSelectedEmployerId] UserRole data value: QVariant(qlonglong, 21)
[DEBUG] [EmployerUIHelper::getSelectedEmployerId] Extracted ID: 21
[DEBUG] [EmployerUIHelper::getSelectedEmployerId] Returning ID: 21 valid: true
[DEBUG] [EmployerUIHelper::populateTable] Table populated successfully
[DEBUG] [MainWindow::loadEmployers] Updating button states...
[DEBUG] [EmployerUIHelper::getSelectedEmployerId] CALLED
[DEBUG] [EmployerUIHelper::getSelectedEmployerId] Table has 21 rows
[DEBUG] [EmployerUIHelper::getSelectedEmployerId] currentRow(): 20
[DEBUG] [EmployerUIHelper::getSelectedEmployerId] Selected row: 20
[DEBUG] [EmployerUIHelper::getSelectedEmployerId] UserRole data type: qlonglong
[DEBUG] [EmployerUIHelper::getSelectedEmployerId] UserRole data value: QVariant(qlonglong, 21)
[DEBUG] [EmployerUIHelper::getSelectedEmployerId] Extracted ID: 21
[DEBUG] [EmployerUIHelper::getSelectedEmployerId] Returning ID: 21 valid: true
[DEBUG] [MainWindow::loadEmployers] ========== LOAD COMPLETE ==========

[DEBUG] ========== DELETE EMPLOYER COMPLETED ==========

