[DEBUG] Application started - logging to debug_output.log
[DEBUG] Poppins font loaded successfully: "Poppins Light"
[DEBUG] Global stylesheet loaded successfully
[DEBUG] [Login] Credentials validated successfully
[DEBUG] [MainWindow::setupRessourceWidget] CALLED - Creating RessourceWidget...
[DEBUG] Table editability configured
[DEBUG] RessourceWidget initialized successfully
[DEBUG] [MainWindow::setupRessourceWidget] RessourceWidget created at: RessourceWidget(0x2b11e33b8b0, name="RessourceWidget")
[DEBUG] [MainWindow::setupRessourceWidget] Found ressource page at index: 4
[DEBUG] [MainWindow::setupRessourceWidget] ✅ RessourceWidget inserted into stacked widget
[DEBUG] ProjectInsertion::initializeFilePath() - Media list file path: "C:/Users/Windows/Downloads/Kemicha-20251129T215859Z-1-001/Kemicha/build/Desktop_Qt_6_7_3_MinGW_64_bit-Debug/bin/media_paths.txt"
[DEBUG] ProjectRollback::initializeFilePath() - Rollback history file path: "C:/Users/Windows/Downloads/Kemicha-20251129T215859Z-1-001/Kemicha/build/Desktop_Qt_6_7_3_MinGW_64_bit-Debug/bin/rollback_history.txt"
[DEBUG] ProjectWidget::loadAllProjects() - Loading all projects...
[DEBUG] [Project::selectAll] Fetching all projects...
[DEBUG] [Project::selectAll] ERROR: Database not open
[DEBUG] ProjectWidget::loadAllProjects() - No projects found
[DEBUG] ProjectInsertion::loadMediaListFromFile() - File does not exist yet: "C:/Users/Windows/Downloads/Kemicha-20251129T215859Z-1-001/Kemicha/build/Desktop_Qt_6_7_3_MinGW_64_bit-Debug/bin/media_paths.txt"
[DEBUG] ProjectWidget::loadMediaListUI() - Loaded 0 media items
[DEBUG] ProjectRollback::loadRollbackHistoryFromFile() - File does not exist yet: "C:/Users/Windows/Downloads/Kemicha-20251129T215859Z-1-001/Kemicha/build/Desktop_Qt_6_7_3_MinGW_64_bit-Debug/bin/rollback_history.txt"
[DEBUG] ProjectWidget::loadRollbackHistoryUI() - Loaded 0 history entries
[DEBUG] ProjectWidget initialized successfully
[DEBUG] === Configuring Database Connection ===
[DEBUG] Connexion ODBC Oracle réussie !
[DEBUG] SUCCESS: Database connection established!
[DEBUG] ===================================
[DEBUG] 
[MainWindow::loadEmployers] ========== LOADING EMPLOYERS ==========
[DEBUG] [MainWindow::loadEmployers] Calling Employer::selectAll()...
[DEBUG] [MainWindow::loadEmployers] Retrieved 0 employers from database
[DEBUG] [MainWindow::loadEmployers] WARNING: No employers found or database error
[DEBUG] [MainWindow::loadEmployers] Populating table...
[DEBUG] [EmployerUIHelper::populateTable] CALLED with 0 records
[DEBUG] [EmployerUIHelper::populateTable] Table populated successfully
[DEBUG] [MainWindow::loadEmployers] Updating button states...
[DEBUG] [EmployerUIHelper::getSelectedEmployerId] CALLED
[DEBUG] [EmployerUIHelper::getSelectedEmployerId] Table has 0 rows
[DEBUG] [EmployerUIHelper::getSelectedEmployerId] currentRow(): -1
[DEBUG] [EmployerUIHelper::getSelectedEmployerId] No currentRow, searching for selected symbol...
[DEBUG] [EmployerUIHelper::getSelectedEmployerId] ERROR: No row selected!
[DEBUG] [MainWindow::loadEmployers] ========== LOAD COMPLETE ==========

[DEBUG] [MainWindow::setupUI] ressourceWidget pointer: RessourceWidget(0x2b11e33b8b0, name="RessourceWidget")
[DEBUG] [MainWindow::setupUI] Calling ressourceWidget->loadRessources()...
[DEBUG] ================================================
[DEBUG] [RessourceWidget::loadRessources] CALLED
[DEBUG] ================================================
[DEBUG] ========================================
[DEBUG] [Ressource::selectAll] Executing SQL: "SELECT ID_MEDIA, TITLE, PATH, OWNER, FORMAT, ACCESS_LEVEL, UPLOAD_DATE FROM RESSOURCES ORDER BY ID_MEDIA"
[DEBUG] [Ressource::selectAll] Fetching resources...
[DEBUG] ✅ selectAll() returned 0 records
[DEBUG] ========================================
[DEBUG] [RessourceWidget::loadRessources] Retrieved 0 resources from DB
[DEBUG] [RessourceWidget::loadRessources] Clearing table...
[DEBUG] [RessourceWidget::loadRessources] Table headers set
[DEBUG] [RessourceWidget::loadRessources] Populating table with 0 rows...
[DEBUG] [RessourceWidget::loadRessources] ✅ Table population COMPLETE
[DEBUG] [RessourceWidget::loadRessources] Table now has 0 rows
[DEBUG] ================================================
[DEBUG] [MainWindow::setupUI] ✅ Ressources loaded successfully!
[DEBUG] SERVER: "220 smtp.gmail.com ESMTP ffacd0b85a97d-42e1c5c30b8sm21369728f8f.7 - gsmtp\r\n"
[DEBUG] CLIENT: "EHLO localhost"
[DEBUG] SERVER: "250-smtp.gmail.com at your service, [2c0f:f698:c138:a28d:8d52:ca9b:6b95:61c2]\r\n250-SIZE 35882577\r\n250-8BITMIME\r\n250-AUTH LOGIN PLAIN XOAUTH2 PLAIN-CLIENTTOKEN OAUTHBEARER XOAUTH\r\n250-ENHANCEDSTATUSCODES\r\n250-PIPELINING\r\n250-CHUNKING\r\n250 SMTPUTF8\r\n"
[DEBUG] CLIENT: "AUTH LOGIN"
[DEBUG] SERVER: "334 VXNlcm5hbWU6\r\n"
[DEBUG] CLIENT: "ZGFvdWRlbW5hNEBnbWFpbC5jb20="
[DEBUG] SERVER: "334 UGFzc3dvcmQ6\r\n"
[DEBUG] CLIENT: "YWxkeiBjaWtmIGpmdGYgbnZwag=="
[DEBUG] SERVER: "235 2.7.0 Accepted\r\n"
[DEBUG] CLIENT: "MAIL FROM:<daoudemna4@gmail.com>"
[DEBUG] SERVER: "250 2.1.0 OK ffacd0b85a97d-42e1c5c30b8sm21369728f8f.7 - gsmtp\r\n"
[DEBUG] CLIENT: "RCPT TO:<daoudemna4@gmail.com>"
[DEBUG] SERVER: "250 2.1.5 OK ffacd0b85a97d-42e1c5c30b8sm21369728f8f.7 - gsmtp\r\n"
[DEBUG] CLIENT: "DATA"
[DEBUG] SERVER: "354 Go ahead ffacd0b85a97d-42e1c5c30b8sm21369728f8f.7 - gsmtp\r\n"
[DEBUG] CLIENT: "From: <daoudemna4@gmail.com>\r\nTo: <daoudemna4@gmail.com>\r\nSubject: Bienvenue parmi nos sponsors\r\n\r\nBonjour nnnn,\n\nMerci d'avoir rejoint nos sponsors.\nCordialement.\r\n."
[DEBUG] SERVER: "250 2.0.0 OK  1764525418 ffacd0b85a97d-42e1c5c30b8sm21369728f8f.7 - gsmtp\r\n"
[DEBUG] CLIENT: "QUIT"
[DEBUG] SERVER: "221 2.0.0 closing connection ffacd0b85a97d-42e1c5c30b8sm21369728f8f.7 - gsmtp\r\n"
[DEBUG] ProjectWidget::onRefreshProjectsClicked()
[DEBUG] ProjectWidget::refreshTable()
[DEBUG] ProjectWidget::loadAllProjects() - Loading all projects...
[DEBUG] [Project::selectAll] Fetching all projects...
[DEBUG] [Project::selectAll] ERROR: "[Oracle][ODBC][Ora]ORA-00904: \"ID_SERVICE\": invalid identifier\n\u0000Ѐ\u0000\u0000\u0000\u0001\u0000\u0000\u0000ჸ⼊ʱ\u0000薸\u2EFAʱ\u0000\u0000\u0000\u0000\u0000컹⟇ʱ\u0000\u0000\u0000Ϳ\u0000ᑀ᩹ʱ\u0000ʴ᩹ʱ\u0000\u0000\u0000\u0000耀\u0000\u0000\u0000\u0000\u0000\u0000\u0000\u0000P\u0000\u0000\u0000\u0000\u0000\u0000\u0000ೀ᩹ʱ\u0000\u0000 [Oracle][ODBC][Ora]ORA-00904: \"ID_SERVICE\": invalid identifier\n\u0000Ѐ\u0000\u0000\u0000\u0001\u0000\u0000\u0000ჸ⼊ʱ\u0000薸\u2EFAʱ\u0000\u0000\u0000\u0000\u0000컹⟇ʱ\u0000\u0000\u0000Ϳ\u0000ᑀ᩹ʱ\u0000ʴ᩹ʱ\u0000\u0000\u0000\u0000耀\u0000\u0000\u0000\u0000\u0000\u0000\u0000\u0000P\u0000\u0000\u0000\u0000\u0000\u0000\u0000ೀ᩹ʱ\u0000\u0000, S0022;S0022 QODBC: Unable to execute statement"
[DEBUG] ProjectWidget::loadAllProjects() - No projects found
[DEBUG] ProjectWidget::onRefreshProjectsClicked()
[DEBUG] ProjectWidget::refreshTable()
[DEBUG] ProjectWidget::loadAllProjects() - Loading all projects...
[DEBUG] [Project::selectAll] Fetching all projects...
[DEBUG] [Project::selectAll] ERROR: "[Oracle][ODBC][Ora]ORA-00904: \"ID_SERVICE\": invalid identifier\n\u0000Ѐ\u0000\u0000\u0000\u0001\u0000\u0000\u0000ﭨ⼉ʱ\u0000薸\u2EFAʱ\u0000\u0000\u0000\u0000\u0000컹⟇ʱ\u0000\u0000\u0000Ϳ\u0000ᑀ᩹ʱ\u0000ʴ᩹ʱ\u0000\u0000\u0000\u0000耀\u0000\u0000\u0000\u0000\u0000\u0000\u0000\u0000P\u0000\u0000\u0000\u0000\u0000\u0000\u0000ೀ᩹ʱ\u0000\u0000 [Oracle][ODBC][Ora]ORA-00904: \"ID_SERVICE\": invalid identifier\n\u0000Ѐ\u0000\u0000\u0000\u0001\u0000\u0000\u0000ﭨ⼉ʱ\u0000薸\u2EFAʱ\u0000\u0000\u0000\u0000\u0000컹⟇ʱ\u0000\u0000\u0000Ϳ\u0000ᑀ᩹ʱ\u0000ʴ᩹ʱ\u0000\u0000\u0000\u0000耀\u0000\u0000\u0000\u0000\u0000\u0000\u0000\u0000P\u0000\u0000\u0000\u0000\u0000\u0000\u0000ೀ᩹ʱ\u0000\u0000, S0022;S0022 QODBC: Unable to execute statement"
[DEBUG] ProjectWidget::loadAllProjects() - No projects found
[DEBUG] [Project::search] Searching for: "1"
[DEBUG] [Project::search] ERROR: "[Oracle][ODBC][Ora]ORA-00904: \"ID_SERVICE\": invalid identifier\n\u0000Ѐ\u0000\u0000\u0000\u0001\u0000\u0000\u0000ﾸ⼉ʱ\u0000薸\u2EFAʱ\u0000\u0000\u0000\u0000\u0000컹⟇ʱ\u0000\u0000\u0000Ϳ\u0000ᑀ᩹ʱ\u0000ʴ᩹ʱ\u0000\u0000\u0000\u0000\u0000\u0000\u0000\u0000\u0000\u0000\u0000\u0000\u0000P\u0000\u0000\u0000\u0000\u0000\u0000\u0000ೀ᩹ʱ\u0000\u0000 [Oracle][ODBC][Ora]ORA-00904: \"ID_SERVICE\": invalid identifier\n\u0000Ѐ\u0000\u0000\u0000\u0001\u0000\u0000\u0000ﾸ⼉ʱ\u0000薸\u2EFAʱ\u0000\u0000\u0000\u0000\u0000컹⟇ʱ\u0000\u0000\u0000Ϳ\u0000ᑀ᩹ʱ\u0000ʴ᩹ʱ\u0000\u0000\u0000\u0000\u0000\u0000\u0000\u0000\u0000\u0000\u0000\u0000\u0000P\u0000\u0000\u0000\u0000\u0000\u0000\u0000ೀ᩹ʱ\u0000\u0000, S0022;S0022 QODBC: Unable to execute statement"
[DEBUG] ProjectWidget::populateProjectTable - Populating 0 projects
[DEBUG] [Project::search] Searching for: "1"
[DEBUG] [Project::search] ERROR: "[Oracle][ODBC][Ora]ORA-00904: \"ID_SERVICE\": invalid identifier\n\u0000Ѐ\u0000\u0000\u0000\u0001\u0000\u0000\u0000⫘⼊ʱ\u0000薸\u2EFAʱ\u0000\u0000\u0000\u0000\u0000컹⟇ʱ\u0000\u0000\u0000Ϳ\u0000ᑀ᩹ʱ\u0000ʴ᩹ʱ\u0000\u0000\u0000\u0000耀\u0000\u0000\u0000\u0000\u0000\u0000\u0000\u0000P\u0000\u0000\u0000\u0000\u0000\u0000\u0000ೀ᩹ʱ\u0000\u0000 [Oracle][ODBC][Ora]ORA-00904: \"ID_SERVICE\": invalid identifier\n\u0000Ѐ\u0000\u0000\u0000\u0001\u0000\u0000\u0000⫘⼊ʱ\u0000薸\u2EFAʱ\u0000\u0000\u0000\u0000\u0000컹⟇ʱ\u0000\u0000\u0000Ϳ\u0000ᑀ᩹ʱ\u0000ʴ᩹ʱ\u0000\u0000\u0000\u0000耀\u0000\u0000\u0000\u0000\u0000\u0000\u0000\u0000P\u0000\u0000\u0000\u0000\u0000\u0000\u0000ೀ᩹ʱ\u0000\u0000, S0022;S0022 QODBC: Unable to execute statement"
[DEBUG] ProjectWidget::populateProjectTable - Populating 0 projects
[DEBUG] Adding new ressource...
[DEBUG] ========================================
[DEBUG] [Ressource::selectAll] Executing SQL: "SELECT ID_MEDIA, TITLE, PATH, OWNER, FORMAT, ACCESS_LEVEL, UPLOAD_DATE FROM RESSOURCES ORDER BY ID_MEDIA"
[DEBUG] [Ressource::selectAll] Fetching resources...
[DEBUG] ✅ selectAll() returned 0 records
[DEBUG] ========================================
[DEBUG] [isTitleUnique] Executing: "SELECT COUNT(*) FROM RESSOURCES WHERE UPPER(TITLE) = UPPER('aaa')"
[DEBUG] Title uniqueness check result: count= 0 , isUnique= true
[DEBUG] ========================================
[DEBUG] [Ressource::insert] Attempting insertion...
[DEBUG]   Title: "aaa"
[DEBUG]   Path: "MP4"
[DEBUG]   Owner: "aaa"
[DEBUG]   Format: ""
[DEBUG]   Access: "aaa"
[DEBUG]   SQL: "INSERT INTO RESSOURCES (ID_MEDIA, TITLE, PATH, OWNER, FORMAT, ACCESS_LEVEL, UPLOAD_DATE) VALUES (SEQ_RESSOURCES.NEXTVAL, 'aaa', 'MP4', 'aaa', '', 'aaa', SYSDATE)"
[DEBUG] ✅ Ressource insérée avec succès: "aaa"
[DEBUG] ========================================
[DEBUG] Add form cleared
[DEBUG] Refreshing table...
[DEBUG] ================================================
[DEBUG] [RessourceWidget::loadRessources] CALLED
[DEBUG] ================================================
[DEBUG] ========================================
[DEBUG] [Ressource::selectAll] Executing SQL: "SELECT ID_MEDIA, TITLE, PATH, OWNER, FORMAT, ACCESS_LEVEL, UPLOAD_DATE FROM RESSOURCES ORDER BY ID_MEDIA"
[DEBUG] [Ressource::selectAll] Fetching resources...
[DEBUG]   Resource: 2 "aaa"
[DEBUG] ✅ selectAll() returned 1 records
[DEBUG] ========================================
[DEBUG] [RessourceWidget::loadRessources] Retrieved 1 resources from DB
[DEBUG] [RessourceWidget::loadRessources] Clearing table...
[DEBUG] [RessourceWidget::loadRessources] Table headers set
[DEBUG] [RessourceWidget::loadRessources] Populating table with 1 rows...
[DEBUG] [RessourceWidget::loadRessources] Row 0 - ID: 2 Title: "aaa"
[DEBUG] [RessourceWidget::loadRessources] ✅ Table population COMPLETE
[DEBUG] [RessourceWidget::loadRessources] Table now has 1 rows
[DEBUG] ================================================
